Welcome to Git
Good Morning Edited on November 7th 2019 
Edited at 1:51 PM on Nov 7th 2019
Changes added 3:2 PM on Nov 7th 2019
